[MFLOG|0|2026-04-20T04:14:21.371449Z|runtime|ccaef28d-6682-49d9-a875-ab30dee6f5e7]
[MFLOG|0|2026-04-20T04:14:23.121567Z|runtime|c37ea657-8b80-48ed-b6de-999086e6f4b0]Searching for optimal thresholds...
[MFLOG|0|2026-04-20T04:14:23.121773Z|runtime|4251e137-f03c-4153-877a-06c5bb0e5e9d]
[MFLOG|0|2026-04-20T04:14:23.122995Z|runtime|95e11c80-8beb-4264-befc-27353ce8654a]--- FINAL RESULTS ---
[MFLOG|0|2026-04-20T04:14:23.123102Z|runtime|29a876b0-5b7f-4b26-8e30-dcb0f361ac99]METRICS         | LINEAL       | LOGISTIC     | MLP          | TREE         | GMM         
[MFLOG|0|2026-04-20T04:14:23.123183Z|runtime|d88160e6-92c7-4093-bd16-3d850367342f]-------------------------------------------------------------------------------------
[MFLOG|0|2026-04-20T04:14:23.123241Z|runtime|a8198fe3-9c01-4bc6-bcbc-de2cc26b26cf]Accuracy (%)    |       81.22% |       79.34% |       80.22% |       81.21% |       72.20%
[MFLOG|0|2026-04-20T04:14:24.415138Z|runtime|c33bf11d-eff2-46b6-b5f6-afdc6155f80b]Precision       |       0.7766 |       0.5774 |       0.5925 |       0.8108 |       0.4675
[MFLOG|0|2026-04-20T04:14:24.415356Z|runtime|e3f092b9-7da6-4360-ac30-9360fca33cd7]Recall          |       0.3501 |       0.6508 |       0.6719 |       0.3248 |       0.7979
[MFLOG|0|2026-04-20T04:14:24.415418Z|runtime|28855e61-8807-4b39-9436-d272c85ac52f]F1-Score        |       0.4826 |       0.6119 |       0.6297 |       0.4638 |       0.5896
[MFLOG|0|2026-04-20T04:14:24.415462Z|runtime|cfb3c728-6d34-486d-838a-a7738f38a1ef]
[MFLOG|0|2026-04-20T04:14:24.415521Z|runtime|151b66d2-9578-482c-bd91-514d4d4d8e1c]Confusion Matrix:
[MFLOG|0|2026-04-20T04:14:24.415573Z|runtime|18c8b91b-4011-4c3f-8394-b053ad21975b]
[MFLOG|0|2026-04-20T04:14:24.415623Z|runtime|d0c2e161-8314-4a60-bd0b-b9f1bd38779b]LINEAL CLASSIFIER
[MFLOG|0|2026-04-20T04:14:24.415668Z|runtime|941f985e-529f-4cdf-88e7-5e1fad7791bb]  (TN): 96440    |  (TP): 11661   
[MFLOG|0|2026-04-20T04:14:24.415714Z|runtime|1f0c810b-525a-4c11-9737-7c5580b8eb71]  (FP): 3354     |  (FN): 21647   
[MFLOG|0|2026-04-20T04:14:24.415758Z|runtime|e2e13e34-6f10-4c33-a132-0ad9218b5885]
[MFLOG|0|2026-04-20T04:14:24.415802Z|runtime|13b928e5-2823-4b0f-a4bd-36f2948274a9]LOGISTIC CLASSIFIER (Umbral: 0.34)
[MFLOG|0|2026-04-20T04:14:24.415846Z|runtime|1188a282-6654-4dd7-b801-d520953a8307]  (TN): 83931    |  (TP): 21677   
[MFLOG|0|2026-04-20T04:14:24.415888Z|runtime|fccf2291-fd34-4710-9669-f0a73ade247c]  (FP): 15863    |  (FN): 11631   
[MFLOG|0|2026-04-20T04:14:24.415931Z|runtime|c8400522-9302-4eab-b5a2-a7aa0acb9991]
[MFLOG|0|2026-04-20T04:14:24.415974Z|runtime|a2cd0a18-8fa3-44ac-bc39-b38374ba72e6]MLP CLASSIFIER (Umbral: 0.36)
[MFLOG|0|2026-04-20T04:14:24.416018Z|runtime|4a24999a-218e-44f5-a740-ba8279681a51]  (TN): 84400    |  (TP): 22380   
[MFLOG|0|2026-04-20T04:14:24.416063Z|runtime|35e9586f-9aca-4edf-8f58-185ff21c702a]  (FP): 15394    |  (FN): 10928   
[MFLOG|0|2026-04-20T04:14:24.416105Z|runtime|3e364fd3-10ff-4cdf-915e-49c68efdeae2]
[MFLOG|0|2026-04-20T04:14:24.416147Z|runtime|a2b248a0-c140-4a8f-b865-be947ff0f7fb]
[MFLOG|0|2026-04-20T04:14:24.416191Z|runtime|8a09ffc1-cfb1-4726-aa75-c90eb40076b5]DECISION TREE CLASSIFIER
[MFLOG|0|2026-04-20T04:14:24.416242Z|runtime|338fd163-b958-4281-a75d-672b6ff768f2]  (TN): 97270    |  (TP): 10817   
[MFLOG|0|2026-04-20T04:14:24.416292Z|runtime|0d9590fb-0dff-422b-991d-343e4cef09bc]  (FP): 2524     |  (FN): 22491   
[MFLOG|0|2026-04-20T04:14:24.416336Z|runtime|9cfe6464-17c4-4704-9721-147a602e6ce9]
[MFLOG|0|2026-04-20T04:14:24.416379Z|runtime|6f021089-a71d-4855-a559-1cf0eb7c7af0]
[MFLOG|0|2026-04-20T04:14:24.416422Z|runtime|17d93e1e-2e2c-48a0-bb46-05826abb02eb]GMM CLASSIFIER (Umbral: 0.50)
[MFLOG|0|2026-04-20T04:14:24.416465Z|runtime|ac6398d3-b025-46d6-9d71-9d47ac073efd]  (TN): 69522    |  (TP): 26578   
[MFLOG|0|2026-04-20T04:14:24.416510Z|runtime|29bb9755-ef09-4769-bb3d-d7604543e07b]  (FP): 30272    |  (FN): 6730    
[MFLOG|0|2026-04-20T04:14:24.416545Z|runtime|fdc00345-dee9-4e0f-a61b-f68de60315e8]
