[MFLOG|0|2026-04-16T02:32:05.324503Z|runtime|1bc05716-b144-4310-b25e-946b0815a74f]
[MFLOG|0|2026-04-16T02:32:06.880700Z|runtime|9cf8c996-480e-4cb6-8ba3-f96032c0801c]Searching for optimal thresholds...
[MFLOG|0|2026-04-16T02:32:06.880922Z|runtime|29492c22-10c8-4bb6-9d3c-8a3c83a68829]
[MFLOG|0|2026-04-16T02:32:06.884161Z|runtime|ed90b31d-8765-4c09-a88d-90396ccedeae]--- FINAL RESULTS ---
[MFLOG|0|2026-04-16T02:32:06.884315Z|runtime|e01fca4f-f113-4581-9de5-2c6f21430d00]METRICS         | LINEAL       | LOGISTIC     | MLP          | TREE         | GMM         
[MFLOG|0|2026-04-16T02:32:06.884448Z|runtime|773f80e7-06cf-44fa-8461-98413f0ec931]-------------------------------------------------------------------------------------
[MFLOG|0|2026-04-16T02:32:06.884562Z|runtime|f31ba298-f617-4046-a6c9-a15be5dab710]Accuracy (%)    |       81.22% |       79.34% |       80.22% |       81.21% |       72.20%
[MFLOG|0|2026-04-16T02:32:08.112100Z|runtime|d3909d4b-9a69-4602-83b6-f200b3d4723e]Precision       |       0.7766 |       0.5774 |       0.5925 |       0.8108 |       0.4675
[MFLOG|0|2026-04-16T02:32:08.112288Z|runtime|af1a5f0d-315b-49df-83d0-85120d8c7d65]Recall          |       0.3501 |       0.6508 |       0.6719 |       0.3248 |       0.7979
[MFLOG|0|2026-04-16T02:32:08.112389Z|runtime|6399b08c-5a15-44f9-85b1-a16a755e2c80]F1-Score        |       0.4826 |       0.6119 |       0.6297 |       0.4638 |       0.5896
[MFLOG|0|2026-04-16T02:32:08.112482Z|runtime|518d570d-26e4-4b90-a42a-cc73cfbd941d]
[MFLOG|0|2026-04-16T02:32:08.112576Z|runtime|d25fc093-fd86-42d2-acfa-92cf30335a8c]Confusion Matrix:
[MFLOG|0|2026-04-16T02:32:08.112664Z|runtime|f2ea98a0-39fa-4675-97e7-614e1b879666]
[MFLOG|0|2026-04-16T02:32:08.112861Z|runtime|85b4b49a-756a-45c8-ae86-8c5a13423190]LINEAL CLASSIFIER
[MFLOG|0|2026-04-16T02:32:08.113047Z|runtime|092ceb66-a9e2-4139-94a9-e08185c9ffa1]  (TN): 96440    |  (TP): 11661   
[MFLOG|0|2026-04-16T02:32:08.113164Z|runtime|fddcdf03-b857-4dc8-8a01-dbccc3fbfab0]  (FP): 3354     |  (FN): 21647   
[MFLOG|0|2026-04-16T02:32:08.113250Z|runtime|d714fef3-b909-4eb2-b534-01e31fb03ac6]
[MFLOG|0|2026-04-16T02:32:08.113330Z|runtime|cdfce0fa-1db1-4ce9-b0b3-8c9766a2b065]LOGISTIC CLASSIFIER (Umbral: 0.34)
[MFLOG|0|2026-04-16T02:32:08.113406Z|runtime|8a09f27f-0337-48fb-895f-a59e8e6e78c7]  (TN): 83931    |  (TP): 21677   
[MFLOG|0|2026-04-16T02:32:08.113478Z|runtime|4dcb58fc-be8f-4b54-9cb6-74a1996f12f6]  (FP): 15863    |  (FN): 11631   
[MFLOG|0|2026-04-16T02:32:08.113548Z|runtime|e7cd91d5-2e0a-4f66-ba6f-19a79aa8af48]
[MFLOG|0|2026-04-16T02:32:08.113620Z|runtime|cd09b570-b1e4-468c-b264-917bb252ec4e]MLP CLASSIFIER (Umbral: 0.36)
[MFLOG|0|2026-04-16T02:32:08.113754Z|runtime|2709c8bc-38e5-42f4-8620-1713c2b5bb6e]  (TN): 84400    |  (TP): 22380   
[MFLOG|0|2026-04-16T02:32:08.113839Z|runtime|f1985970-e037-4e03-8946-c5bdd82658d0]  (FP): 15394    |  (FN): 10928   
[MFLOG|0|2026-04-16T02:32:08.113911Z|runtime|4cf46954-e87e-42ae-9272-7a8bb4cf1f3b]
[MFLOG|0|2026-04-16T02:32:08.113983Z|runtime|10176863-c7b1-4f73-92d9-f36d59076c4a]
[MFLOG|0|2026-04-16T02:32:08.114053Z|runtime|ff342b63-a268-4eeb-8087-24ca6c783939]DECISION TREE CLASSIFIER
[MFLOG|0|2026-04-16T02:32:08.114104Z|runtime|9312506f-f2e7-4630-a7c0-305fb7d35ca0]  (TN): 97270    |  (TP): 10817   
[MFLOG|0|2026-04-16T02:32:08.114137Z|runtime|7630711f-46d8-4940-ba28-d97d1c9baf42]  (FP): 2524     |  (FN): 22491   
[MFLOG|0|2026-04-16T02:32:08.114169Z|runtime|622ea012-15b0-49f1-b202-145832c02662]
[MFLOG|0|2026-04-16T02:32:08.114202Z|runtime|6bd093a8-b864-40f2-99ca-fef53bc1635e]
[MFLOG|0|2026-04-16T02:32:08.114234Z|runtime|87535257-785f-423b-b1b4-72825297fcb0]GMM CLASSIFIER (Umbral: 0.50)
[MFLOG|0|2026-04-16T02:32:08.114267Z|runtime|daed6e39-de08-475f-89b5-1b8778a0f750]  (TN): 69522    |  (TP): 26578   
[MFLOG|0|2026-04-16T02:32:08.114300Z|runtime|5627d170-62a5-439b-a19d-c99974765269]  (FP): 30272    |  (FN): 6730    
[MFLOG|0|2026-04-16T02:32:08.114331Z|runtime|2ab85a1b-df84-4b05-b64b-fb0a3284bdc6]
