[MFLOG|0|2026-04-15T01:48:38.232478Z|runtime|1d19fa1d-34c2-4c02-83a8-a36dffc400c4]
[MFLOG|0|2026-04-15T01:48:39.822313Z|runtime|66cf2a1a-4398-4daa-8587-ccba73918b3f]Searching for optimal thresholds...
[MFLOG|0|2026-04-15T01:48:39.822538Z|runtime|c1389748-017e-477a-a02e-c8dfc2c1984d]
[MFLOG|0|2026-04-15T01:48:39.825487Z|runtime|069c5fe5-5b4e-48f5-a0e8-e4717e077169]--- FINAL RESULTS ---
[MFLOG|0|2026-04-15T01:48:39.825600Z|runtime|5e06e7d6-9f9b-4ccc-8083-bd541c8c7bc1]METRICS         | LINEAL       | LOGISTIC     | MLP          | TREE         | GMM         
[MFLOG|0|2026-04-15T01:48:39.825678Z|runtime|f2db1f96-3483-4787-8aad-01ce1c950370]-------------------------------------------------------------------------------------
[MFLOG|0|2026-04-15T01:48:39.825756Z|runtime|50274ab3-5ea7-4ec2-94aa-c1549b7cd692]Accuracy (%)    |       81.22% |       79.34% |       80.22% |       81.21% |       72.20%
[MFLOG|0|2026-04-15T01:48:41.044595Z|runtime|fd6ebe99-6db4-4019-a5a0-ea782ef17f28]Precision       |       0.7766 |       0.5774 |       0.5925 |       0.8108 |       0.4675
[MFLOG|0|2026-04-15T01:48:41.044788Z|runtime|539ee89e-3b5c-4fc8-a5c3-2bb6c9216671]Recall          |       0.3501 |       0.6508 |       0.6719 |       0.3248 |       0.7979
[MFLOG|0|2026-04-15T01:48:41.045004Z|runtime|41b25fde-fdac-4bb9-a15a-2db5e8ff568d]F1-Score        |       0.4826 |       0.6119 |       0.6297 |       0.4638 |       0.5896
[MFLOG|0|2026-04-15T01:48:41.045131Z|runtime|8014c793-0207-4912-9f65-c3358d43c149]
[MFLOG|0|2026-04-15T01:48:41.045224Z|runtime|5686cb6c-a038-4b5e-99f5-4440a1ccc611]Confusion Matrix:
[MFLOG|0|2026-04-15T01:48:41.045312Z|runtime|dcbbc70b-44b4-4e9f-b88e-d38c1f8da545]
[MFLOG|0|2026-04-15T01:48:41.045393Z|runtime|79837896-8778-43b2-99c7-b5aa9a611aa1]LINEAL CLASSIFIER
[MFLOG|0|2026-04-15T01:48:41.045472Z|runtime|7462f822-37b4-421c-959d-73f138710e0c]  (TN): 96440    |  (TP): 11661   
[MFLOG|0|2026-04-15T01:48:41.045548Z|runtime|b281a0c3-a7aa-476d-9b91-0254810e3564]  (FP): 3354     |  (FN): 21647   
[MFLOG|0|2026-04-15T01:48:41.045623Z|runtime|1f79d30c-71ce-4f52-b53f-9219ca7d02c5]
[MFLOG|0|2026-04-15T01:48:41.045709Z|runtime|6b8224bf-6748-4f76-84ac-3bbba8eb5bfc]LOGISTIC CLASSIFIER (Umbral: 0.34)
[MFLOG|0|2026-04-15T01:48:41.045787Z|runtime|10293dbc-778b-4e1a-9869-0eba6ec4237b]  (TN): 83931    |  (TP): 21677   
[MFLOG|0|2026-04-15T01:48:41.045925Z|runtime|ecade9f4-35c9-4dde-b140-03bdbd4fb32d]  (FP): 15863    |  (FN): 11631   
[MFLOG|0|2026-04-15T01:48:41.046070Z|runtime|6fc82586-893a-4149-b386-f6869386a3bb]
[MFLOG|0|2026-04-15T01:48:41.046252Z|runtime|241a1258-1815-419d-954d-a82f5241f58b]MLP CLASSIFIER (Umbral: 0.36)
[MFLOG|0|2026-04-15T01:48:41.046371Z|runtime|d42347a9-2f35-46a7-95a9-6470108e7594]  (TN): 84400    |  (TP): 22380   
[MFLOG|0|2026-04-15T01:48:41.046413Z|runtime|423c482f-8a1e-42e0-bc23-d1c03e60cdbd]  (FP): 15394    |  (FN): 10928   
[MFLOG|0|2026-04-15T01:48:41.046449Z|runtime|1965ecc6-7c25-47fe-84ce-fc1da7c00e11]
[MFLOG|0|2026-04-15T01:48:41.046484Z|runtime|cb34545c-833c-4535-a59f-4d913dfdf1b7]
[MFLOG|0|2026-04-15T01:48:41.046518Z|runtime|289085c0-2043-489a-970a-3d514a1750b0]DECISION TREE CLASSIFIER
[MFLOG|0|2026-04-15T01:48:41.046553Z|runtime|2693bb74-04b6-494c-8735-bc0579441ccc]  (TN): 97270    |  (TP): 10817   
[MFLOG|0|2026-04-15T01:48:41.046586Z|runtime|f9d68a6f-2cc2-43cd-ad57-e60a2ce9476b]  (FP): 2524     |  (FN): 22491   
[MFLOG|0|2026-04-15T01:48:41.046619Z|runtime|cca39fd3-1c98-468b-9196-20d0523084c1]
[MFLOG|0|2026-04-15T01:48:41.046653Z|runtime|6867aea7-3aa5-4eef-8daa-b42ad2f8e3ed]
[MFLOG|0|2026-04-15T01:48:41.046686Z|runtime|b3b6babc-6cd0-4468-abb7-cbc79ed85536]GMM CLASSIFIER (Umbral: 0.50)
[MFLOG|0|2026-04-15T01:48:41.046719Z|runtime|f5ffb6e5-8c0c-4020-a274-18ca058cf016]  (TN): 69522    |  (TP): 26578   
[MFLOG|0|2026-04-15T01:48:41.046751Z|runtime|94e2e271-b382-425b-a343-50a7d9f06ad4]  (FP): 30272    |  (FN): 6730    
[MFLOG|0|2026-04-15T01:48:41.046794Z|runtime|5aa2891e-5625-4dcd-ae52-bf925f8f8203]
