[MFLOG|0|2026-04-15T01:46:07.501247Z|runtime|27f2f06c-78f2-431c-8772-c238eeaaf046]
[MFLOG|0|2026-04-15T01:46:11.835324Z|runtime|16a02954-8eb7-4c3d-b17f-c9d5f78921f8]Training Linear Classifier...
[MFLOG|0|2026-04-15T01:46:11.835463Z|runtime|f73ad47c-e884-4b56-a9ab-037655d5efcc]Linear Model Accuracy: 81.22%
[MFLOG|0|2026-04-15T01:46:12.581423Z|runtime|e70797c6-7817-452f-8d84-8c42bb111b03]
[MFLOG|0|2026-04-15T01:46:12.581646Z|runtime|5c7f59ff-dada-49e9-b205-01c1489355f6]Training Logistic Regression...
[MFLOG|0|2026-04-15T01:46:12.581766Z|runtime|424612e8-cff5-4b2f-b155-d2a2e4ee8c5c]epoch 0: Error (Loss) = 1.009430
[MFLOG|0|2026-04-15T01:46:13.293766Z|runtime|0a35af23-e136-4723-8c65-46789131dbbc]epoch 100: Error (Loss) = 0.534081
[MFLOG|0|2026-04-15T01:46:13.993507Z|runtime|5bacc254-840a-4897-b48c-e3e76dd2bed3]epoch 200: Error (Loss) = 0.505040
[MFLOG|0|2026-04-15T01:46:14.697271Z|runtime|1011deec-a87c-4558-a7c4-f9735014ace4]epoch 300: Error (Loss) = 0.486791
[MFLOG|0|2026-04-15T01:46:15.400463Z|runtime|40b906e0-4ca9-4326-b5c6-e6db07f1b8c9]epoch 400: Error (Loss) = 0.473419
[MFLOG|0|2026-04-15T01:46:16.125108Z|runtime|05fb1203-30b2-422c-94b4-7ad5f5f0180d]epoch 500: Error (Loss) = 0.463084
[MFLOG|0|2026-04-15T01:46:16.845076Z|runtime|724060ba-197f-4f22-8e94-ea4b82ecaf49]epoch 600: Error (Loss) = 0.454860
[MFLOG|0|2026-04-15T01:46:17.597210Z|runtime|a787efe5-69f4-4ccf-9f96-37045bd36901]epoch 700: Error (Loss) = 0.448188
[MFLOG|0|2026-04-15T01:46:18.347295Z|runtime|ccf38db3-ed9a-49c3-bd72-c82372564cfb]epoch 800: Error (Loss) = 0.442696
[MFLOG|0|2026-04-15T01:46:19.070149Z|runtime|4e6878db-33a6-4d25-a8b6-2433406ccf26]epoch 900: Error (Loss) = 0.438119
[MFLOG|0|2026-04-15T01:46:19.779412Z|runtime|7c12f702-19b8-4c7f-94b8-c01f3eb43a6d]
[MFLOG|0|2026-04-15T01:46:21.761287Z|runtime|0e93eaae-bbc0-4727-8c82-c1970d4ded6f]Training MLP Classifier...
[MFLOG|0|2026-04-15T01:46:21.761504Z|runtime|73ce5e61-374a-4d6c-b3d6-3c2c99e9e25e]MLP epoch 0: Error (Loss) = 0.681520
[MFLOG|0|2026-04-15T01:46:27.174247Z|runtime|9161bad7-b3b3-4aa1-ba3b-6db38845ea19]MLP epoch 100: Error (Loss) = 0.535910
[MFLOG|0|2026-04-15T01:46:32.306769Z|runtime|0796b9ea-4397-4c01-805e-f919361d0260]MLP epoch 200: Error (Loss) = 0.489911
[MFLOG|0|2026-04-15T01:46:37.340913Z|runtime|0fcbd070-3be1-41a8-839c-4d32f201f095]MLP epoch 300: Error (Loss) = 0.444803
[MFLOG|0|2026-04-15T01:46:42.285120Z|runtime|a70ce89b-4059-4978-b65f-ae90d50b46e1]MLP epoch 400: Error (Loss) = 0.414959
[MFLOG|0|2026-04-15T01:46:47.384329Z|runtime|1dfe9b03-485a-494e-b33c-d8e0e7fcd6c1]MLP epoch 500: Error (Loss) = 0.402486
[MFLOG|0|2026-04-15T01:46:52.461300Z|runtime|63ede150-ddb3-45fc-8869-fcf2d0bb1c2d]MLP epoch 600: Error (Loss) = 0.397825
[MFLOG|0|2026-04-15T01:46:57.546046Z|runtime|a83f1336-ff52-412b-b8b8-8b3a37a20bcb]MLP epoch 700: Error (Loss) = 0.395436
[MFLOG|0|2026-04-15T01:47:02.528974Z|runtime|a10b74f6-181d-45db-9455-18277d1ca810]MLP epoch 800: Error (Loss) = 0.393875
[MFLOG|0|2026-04-15T01:47:07.698767Z|runtime|8595f9f0-da7e-4c75-8e07-3f7ae14e1606]MLP epoch 900: Error (Loss) = 0.392694
[MFLOG|0|2026-04-15T01:47:12.676345Z|runtime|a2a80605-7132-47b8-95d0-7dc0394e2a88]
[MFLOG|0|2026-04-15T01:48:33.253293Z|runtime|33a0fa24-4ba6-4c04-af73-8bd7d6fd8234]--- Entrenando Árbol de Clasificación (Decision Tree) ---
[MFLOG|0|2026-04-15T01:48:33.253578Z|runtime|f59c7285-7102-44de-874d-8f5741019c2f]Entrenando Mixture Models (GMM)...
