[MFLOG|0|2026-04-19T19:31:31.208239Z|runtime|e99185ab-2e0c-41fe-a9f3-44f241e16f64]
[MFLOG|0|2026-04-19T19:31:35.420833Z|runtime|f9a0f40a-5a13-4af1-8a31-5ee1791e563a]Training Linear Classifier...
[MFLOG|0|2026-04-19T19:31:35.421051Z|runtime|8a16e3aa-caba-4c2c-8afa-8b0a3eaff845]Linear Model Accuracy: 81.22%
[MFLOG|0|2026-04-19T19:31:36.158648Z|runtime|d299ab86-9796-4228-b29f-005c87d09a1d]
[MFLOG|0|2026-04-19T19:31:36.158843Z|runtime|01aa8629-2baa-4039-8f6b-5b697f9e5870]Training Logistic Regression...
[MFLOG|0|2026-04-19T19:31:36.158949Z|runtime|90f04ef3-2139-4177-a26d-21969af6b134]epoch 0: Error (Loss) = 1.009430
[MFLOG|0|2026-04-19T19:31:36.861347Z|runtime|b9065fcd-a2b1-4a46-b2bc-39ab6077ea68]epoch 100: Error (Loss) = 0.534081
[MFLOG|0|2026-04-19T19:31:37.561198Z|runtime|b3bb218d-5f18-46b9-8537-6cb629e73a39]epoch 200: Error (Loss) = 0.505040
[MFLOG|0|2026-04-19T19:31:38.269581Z|runtime|3d746926-bf0f-4032-b269-a87cb71e7f1d]epoch 300: Error (Loss) = 0.486791
[MFLOG|0|2026-04-19T19:31:38.968981Z|runtime|d14974c5-ad14-4a99-86a7-77c410187ffc]epoch 400: Error (Loss) = 0.473419
[MFLOG|0|2026-04-19T19:31:39.677704Z|runtime|d8c1eb69-47d5-46c8-9516-7bdd06ef6063]epoch 500: Error (Loss) = 0.463084
[MFLOG|0|2026-04-19T19:31:40.389831Z|runtime|e1b82ad4-7468-462e-af51-b341408d501a]epoch 600: Error (Loss) = 0.454860
[MFLOG|0|2026-04-19T19:31:41.108611Z|runtime|19b1a2e7-293a-4580-b79c-d4bf144659fc]epoch 700: Error (Loss) = 0.448188
[MFLOG|0|2026-04-19T19:31:41.824112Z|runtime|051e1dd6-133e-489d-a079-8c4f2507e8db]epoch 800: Error (Loss) = 0.442696
[MFLOG|0|2026-04-19T19:31:42.537504Z|runtime|d4fadba8-56dd-48b3-8514-40fce74f91f5]epoch 900: Error (Loss) = 0.438119
[MFLOG|0|2026-04-19T19:31:43.252384Z|runtime|6c38cfb2-4420-45fb-9b90-d15015c04f99]
[MFLOG|0|2026-04-19T19:31:45.219506Z|runtime|ae072ae5-e25e-44b0-a172-210e35c6cc48]Training MLP Classifier...
[MFLOG|0|2026-04-19T19:31:45.219726Z|runtime|0146f9b8-9298-4bed-b92c-1d30614f61e0]MLP epoch 0: Error (Loss) = 0.681520
[MFLOG|0|2026-04-19T19:31:50.640167Z|runtime|160d9c16-49d8-4527-8512-98ca9713850d]MLP epoch 100: Error (Loss) = 0.535910
[MFLOG|0|2026-04-19T19:31:56.146709Z|runtime|a2db892d-3186-4a6c-b524-6aad4eacdf41]MLP epoch 200: Error (Loss) = 0.489911
[MFLOG|0|2026-04-19T19:32:01.392278Z|runtime|4e9c1f59-0261-47bd-8191-c1fa769be719]MLP epoch 300: Error (Loss) = 0.444803
[MFLOG|0|2026-04-19T19:32:06.704941Z|runtime|0b9cc386-ea6c-4fa6-954a-6cc53d6a1db3]MLP epoch 400: Error (Loss) = 0.414959
[MFLOG|0|2026-04-19T19:32:11.959383Z|runtime|8502e2e6-5cf6-4d5b-ba90-f0461156a699]MLP epoch 500: Error (Loss) = 0.402486
[MFLOG|0|2026-04-19T19:32:17.238903Z|runtime|f6ac61b9-ad02-431d-906a-c1819891dc02]MLP epoch 600: Error (Loss) = 0.397825
[MFLOG|0|2026-04-19T19:32:22.748894Z|runtime|8dd50978-e292-4b6c-b180-fc366525f88f]MLP epoch 700: Error (Loss) = 0.395436
[MFLOG|0|2026-04-19T19:32:27.923063Z|runtime|cd0a4954-e3ea-4387-9659-307496bd511c]MLP epoch 800: Error (Loss) = 0.393875
[MFLOG|0|2026-04-19T19:32:33.624619Z|runtime|b337d552-1e60-4468-8666-6ecd672e218b]MLP epoch 900: Error (Loss) = 0.392694
[MFLOG|0|2026-04-19T19:32:39.071202Z|runtime|d854c8df-76bc-4a09-9ea6-3867efcf62c2]
[MFLOG|0|2026-04-19T19:33:58.305831Z|runtime|27e4f2d5-8649-41ec-b5ee-3fa02e968b1d]--- Entrenando Árbol de Clasificación (Decision Tree) ---
[MFLOG|0|2026-04-19T19:33:58.306337Z|runtime|13e35d25-3189-4a33-9c37-e7e5c24b0921]Entrenando Mixture Models (GMM)...
[MFLOG|0|2026-04-19T19:34:01.496232Z|runtime|6c4950d4-a94b-4ee8-a573-cd2628194cb2]
[MFLOG|0|2026-04-19T19:47:57.076245Z|runtime|aeaa8f00-70b9-4453-a3ba-74d1937126d9]Training AdaBoost (Ensemble of 50 experts)...
