[MFLOG|0|2026-04-12T17:11:43.082921Z|runtime|34b08771-661a-4780-9dd0-758193a283e1]
[MFLOG|0|2026-04-12T17:11:43.745785Z|runtime|856f22bc-e72c-4485-a816-c755ac878497]Searching for optimal thresholds...
[MFLOG|0|2026-04-12T17:11:43.746004Z|runtime|c85bd034-0ece-418b-85ce-4e35a87e4ee2]
[MFLOG|0|2026-04-12T17:11:43.748894Z|runtime|46211255-9ce8-421c-8d52-227a65f9077f]--- FINAL RESULTS ---
[MFLOG|0|2026-04-12T17:11:43.749061Z|runtime|17f2993f-1099-4227-b750-5cc0e51b5c56]METRICS         | LINEAL          | LOGISTIC        | MLP (RED NEUR.)    | DECISION TREE  
[MFLOG|0|2026-04-12T17:11:43.749203Z|runtime|8a58a7c5-ce59-46b1-b73b-4aea7e5aa19a]----------------------------------------------------------------------------------------------------
[MFLOG|0|2026-04-12T17:11:43.749365Z|runtime|b35047fb-4d79-48e2-a850-bf3ca9fde83e]Accuracy (%)    |          81.22% |          79.34% |             80.22% |          81.21%
[MFLOG|0|2026-04-12T17:11:44.924056Z|runtime|b82a998c-35cc-4f1b-9170-a1d6f55cf0fb]Precision       |          0.7766 |          0.5774 |             0.5925 |          0.8108
[MFLOG|0|2026-04-12T17:11:44.924250Z|runtime|fb72bcbd-ed19-4217-9b3a-8743ac9c3f4d]Recall          |          0.3501 |          0.6508 |             0.6719 |          0.3248
[MFLOG|0|2026-04-12T17:11:44.924381Z|runtime|b028be3c-2dff-4b8f-b25c-5485ccaa9b3d]F1-Score        |          0.4826 |          0.6119 |             0.6297 |          0.4638
[MFLOG|0|2026-04-12T17:11:44.924472Z|runtime|92b74515-f2eb-4304-820d-3d5fbb82bee8]
[MFLOG|0|2026-04-12T17:11:44.924552Z|runtime|0bfb15db-e708-4c6b-a7c1-be71448aadbe]Confusion Matrix:
[MFLOG|0|2026-04-12T17:11:44.924631Z|runtime|ab5c9f4b-9e36-498d-bd9d-6473a71fdf04]
[MFLOG|0|2026-04-12T17:11:44.924712Z|runtime|d611ca9e-c9d9-4c56-ad5e-310db2812070]LINEAL CLASSIFIER
[MFLOG|0|2026-04-12T17:11:44.924786Z|runtime|ff528b96-d18f-4d29-871f-a64b71da30ab]  (TN): 96440    |  (TP): 11661   
[MFLOG|0|2026-04-12T17:11:44.924859Z|runtime|8e77bfa9-6efd-462f-9837-af157c5ad5f6]  (FP): 3354     |  (FN): 21647   
[MFLOG|0|2026-04-12T17:11:44.924933Z|runtime|61e51cb1-a4b7-40f0-9d40-233ab3fd6284]
[MFLOG|0|2026-04-12T17:11:44.925008Z|runtime|a966bd15-e8be-4d0b-8c58-332a9829c806]LOGISTIC CLASSIFIER (Umbral: 0.34)
[MFLOG|0|2026-04-12T17:11:44.925082Z|runtime|81d67f57-2037-4572-a1c4-15d60b0f40c8]  (TN): 83931    |  (TP): 21677   
[MFLOG|0|2026-04-12T17:11:44.925154Z|runtime|e0c9057a-fa5e-4a36-9f39-d9b9816b7e76]  (FP): 15863    |  (FN): 11631   
[MFLOG|0|2026-04-12T17:11:44.925223Z|runtime|00532c60-63ba-4da5-b702-899f94fc06fc]
[MFLOG|0|2026-04-12T17:11:44.925294Z|runtime|b1ea99f9-95cc-44d2-ac1b-c50ea4d58cbe]MLP CLASSIFIER (Umbral: 0.36)
[MFLOG|0|2026-04-12T17:11:44.925457Z|runtime|85286aad-953c-4294-ae9b-2875260ce7cb]  (TN): 84400    |  (TP): 22380   
[MFLOG|0|2026-04-12T17:11:44.925614Z|runtime|8adc15df-f1f8-4b6d-928a-5b26ea930e15]  (FP): 15394    |  (FN): 10928   
[MFLOG|0|2026-04-12T17:11:44.925713Z|runtime|70922ea9-eaf6-465f-9506-99ef5aa99a9b]
[MFLOG|0|2026-04-12T17:11:44.925805Z|runtime|1648046a-4643-476d-8719-1ae312b4e7e1]
[MFLOG|0|2026-04-12T17:11:44.925890Z|runtime|39942779-5f31-4001-9993-147f1a6e97c9]DECISION TREE CLASSIFIER
[MFLOG|0|2026-04-12T17:11:44.925971Z|runtime|9bf3b576-921d-4029-98f2-448c340fe34b]  (TN): 97270    |  (TP): 10817   
[MFLOG|0|2026-04-12T17:11:44.926047Z|runtime|6e14d6e5-b623-4915-be36-2cd45b4eb079]  (FP): 2524     |  (FN): 22491   
[MFLOG|0|2026-04-12T17:11:44.926123Z|runtime|c41218f9-8ab1-4078-ba13-dc97a7776f4d]
