[MFLOG|0|2026-04-12T16:26:56.535884Z|runtime|10428202-9e58-4095-878c-c474d31ad5ba]
[MFLOG|0|2026-04-12T16:26:57.251853Z|runtime|43b3c08b-69e1-4849-aea0-963d61a68322]Searching for optimal thresholds...
[MFLOG|0|2026-04-12T16:26:57.252079Z|runtime|54b9ac41-82bd-42f1-a00d-185c630167a8]
[MFLOG|0|2026-04-12T16:26:57.252200Z|runtime|9094b442-2bca-4422-b1cc-12ec8cc5a6fa]--- FINAL RESULTS ---
[MFLOG|0|2026-04-12T16:26:57.252378Z|runtime|a673663a-0f61-4ffe-9243-709a847214b1]METRICS         | LINEAL          | LOGISTIC        | MLP (RED NEUR.)    | DECISION TREE  
[MFLOG|0|2026-04-12T16:26:57.252520Z|runtime|ecab81c1-9024-47e9-8cd0-5cdd0208c047]----------------------------------------------------------------------------------------------------
[MFLOG|0|2026-04-12T16:26:57.252647Z|runtime|378025a2-47f2-42a0-b67d-98f0950f8402]Accuracy (%)    |          81.22% |          79.34% |             80.22% |          81.21%
[MFLOG|0|2026-04-12T16:26:58.501967Z|runtime|e843d00c-b34b-4e96-ba9b-fd239f4503a2]Precision       |          0.7766 |          0.5774 |             0.5925 |          0.8108
[MFLOG|0|2026-04-12T16:26:58.502177Z|runtime|1154eef1-de0c-40d2-965f-ccdf99b933c6]Recall          |          0.3501 |          0.6508 |             0.6719 |          0.3248
[MFLOG|0|2026-04-12T16:26:58.502234Z|runtime|f2e1ac2e-34ee-4be3-ba0e-aa9bd363039b]F1-Score        |          0.4826 |          0.6119 |             0.6297 |          0.4638
[MFLOG|0|2026-04-12T16:26:58.502276Z|runtime|117ef988-1f0a-4a9b-be74-69bb4b2afa51]
[MFLOG|0|2026-04-12T16:26:58.502319Z|runtime|11b187c6-2377-4d7d-9137-9ccd5308fd40]Confusion Matrix:
[MFLOG|0|2026-04-12T16:26:58.502355Z|runtime|1945c47f-f8a5-49eb-a25e-ef9df6b50497]
[MFLOG|0|2026-04-12T16:26:58.502392Z|runtime|5bd94ef9-93b4-4d4f-8065-f2b5400b8bc2]LINEAL CLASSIFIER
[MFLOG|0|2026-04-12T16:26:58.502428Z|runtime|346d6acd-89b7-4108-9f53-ac21ff730074]  (TN): 96440    |  (TP): 11661   
[MFLOG|0|2026-04-12T16:26:58.502462Z|runtime|e323c2cd-f0c1-4093-9efb-4a5ff485a00c]  (FP): 3354     |  (FN): 21647   
[MFLOG|0|2026-04-12T16:26:58.502496Z|runtime|3297d392-c7c3-4e81-9b7f-0942d34578c3]
[MFLOG|0|2026-04-12T16:26:58.502530Z|runtime|77b667d0-0ff8-476a-bca0-201737640867]LOGISTIC CLASSIFIER (Umbral: 0.34)
[MFLOG|0|2026-04-12T16:26:58.502564Z|runtime|27bc0948-5f5d-4427-9405-268f90979f37]  (TN): 83931    |  (TP): 21677   
[MFLOG|0|2026-04-12T16:26:58.502599Z|runtime|f9e2acde-3082-4f59-abd3-5a10140b5e94]  (FP): 15863    |  (FN): 11631   
[MFLOG|0|2026-04-12T16:26:58.502633Z|runtime|53caebaa-708b-462e-9cb5-57662edb328e]
[MFLOG|0|2026-04-12T16:26:58.502666Z|runtime|7f1e31b5-072b-493e-a3dc-ce678dcd8f9e]MLP CLASSIFIER (Umbral: 0.36)
[MFLOG|0|2026-04-12T16:26:58.502699Z|runtime|588cad05-3916-4da6-a02e-e93c6e435d8c]  (TN): 84400    |  (TP): 22380   
[MFLOG|0|2026-04-12T16:26:58.502732Z|runtime|cd7af412-924a-43dc-b277-6f91fd520da2]  (FP): 15394    |  (FN): 10928   
[MFLOG|0|2026-04-12T16:26:58.502764Z|runtime|6eb05455-3e78-4233-9912-532cf3aa4d01]
[MFLOG|0|2026-04-12T16:26:58.502797Z|runtime|ff508fc0-2cbe-4859-8f8e-e4945d0bec00]
[MFLOG|0|2026-04-12T16:26:58.502830Z|runtime|64c75eab-224b-4996-919f-facd77e6c615]DECISION TREE CLASSIFIER
[MFLOG|0|2026-04-12T16:26:58.502864Z|runtime|a7d35c03-d9cb-4381-b968-a2c091ce2547]  (TN): 97270    |  (TP): 10817   
[MFLOG|0|2026-04-12T16:26:58.502896Z|runtime|2fd87a5d-1509-4d08-8b0a-5203d7ed1dce]  (FP): 2524     |  (FN): 22491   
[MFLOG|0|2026-04-12T16:26:58.502929Z|runtime|5f6a7a47-7f08-4b12-8781-3d0d51edd5b5]
