[MFLOG|0|2026-04-12T17:09:27.150875Z|runtime|34936863-c82b-4f79-b84e-dd8096ccb46c]
[MFLOG|0|2026-04-12T17:09:31.081660Z|runtime|78e73c50-31f7-48d9-abfe-af8e2acd08c4]Training Linear Classifier...
[MFLOG|0|2026-04-12T17:09:31.081869Z|runtime|a720194c-94f3-4be7-bdf8-4add1ce89d05]Linear Model Accuracy: 81.22%
[MFLOG|0|2026-04-12T17:09:31.826932Z|runtime|b3dd51ff-8e7d-48b7-bf71-e541723efae0]
[MFLOG|0|2026-04-12T17:09:31.827067Z|runtime|8cfd2718-55de-4fdd-9a31-db07154aca48]Training Logistic Regression...
[MFLOG|0|2026-04-12T17:09:31.827123Z|runtime|e122fced-1bcb-4590-a8a3-cc292e31e80b]epoch 0: Error (Loss) = 1.009430
[MFLOG|0|2026-04-12T17:09:32.514368Z|runtime|f014cb64-a7b9-4e24-ac63-2c0ae28d237c]epoch 100: Error (Loss) = 0.534081
[MFLOG|0|2026-04-12T17:09:33.194297Z|runtime|88f01785-1741-47ae-b16a-82f501aa6288]epoch 200: Error (Loss) = 0.505040
[MFLOG|0|2026-04-12T17:09:33.901128Z|runtime|b8747a7a-7536-4700-9ff9-79d574324218]epoch 300: Error (Loss) = 0.486791
[MFLOG|0|2026-04-12T17:09:34.587144Z|runtime|37a1bec8-3276-432b-beb0-861623d5bd9a]epoch 400: Error (Loss) = 0.473419
[MFLOG|0|2026-04-12T17:09:35.267101Z|runtime|57b9cecb-58ea-479a-a533-8be1ad983704]epoch 500: Error (Loss) = 0.463084
[MFLOG|0|2026-04-12T17:09:35.931349Z|runtime|9ad896e5-63da-4860-9ff9-efca71827d1a]epoch 600: Error (Loss) = 0.454860
[MFLOG|0|2026-04-12T17:09:36.619548Z|runtime|7295ab72-e680-4f4d-bdfa-e0fba1c0178d]epoch 700: Error (Loss) = 0.448188
[MFLOG|0|2026-04-12T17:09:37.281586Z|runtime|bcab432f-2415-4833-bf4c-4465769eb983]epoch 800: Error (Loss) = 0.442696
[MFLOG|0|2026-04-12T17:09:37.952973Z|runtime|49b084e8-4b82-47df-892b-49a34845ef93]epoch 900: Error (Loss) = 0.438119
[MFLOG|0|2026-04-12T17:09:38.620969Z|runtime|c3d543bf-2400-4513-be8c-2c5be8ec555e]
[MFLOG|0|2026-04-12T17:09:40.516890Z|runtime|3f7d432e-a128-4b20-ac53-ec8f29a80166]Training MLP Classifier...
[MFLOG|0|2026-04-12T17:09:40.517102Z|runtime|6e85f01b-ce3e-47ce-a6a9-b6e8d2800b5e]MLP epoch 0: Error (Loss) = 0.681520
[MFLOG|0|2026-04-12T17:09:45.451976Z|runtime|84bbea9f-ebd4-4499-b109-b7b3001b8ec5]MLP epoch 100: Error (Loss) = 0.535910
[MFLOG|0|2026-04-12T17:09:50.014486Z|runtime|1a99e23f-513c-4417-acaf-f3e44f088a1e]MLP epoch 200: Error (Loss) = 0.489911
[MFLOG|0|2026-04-12T17:09:54.632797Z|runtime|d2dfe273-bda6-48af-a739-0b0e34539ec9]MLP epoch 300: Error (Loss) = 0.444803
[MFLOG|0|2026-04-12T17:09:59.182924Z|runtime|65c4be4f-a478-4d46-8c73-9178e8f14bbb]MLP epoch 400: Error (Loss) = 0.414959
[MFLOG|0|2026-04-12T17:10:03.701991Z|runtime|245ace14-d56d-4351-a741-7b212b19e685]MLP epoch 500: Error (Loss) = 0.402486
[MFLOG|0|2026-04-12T17:10:08.258484Z|runtime|4289b909-dc8c-4bff-9b40-95c6b06f666a]MLP epoch 600: Error (Loss) = 0.397825
[MFLOG|0|2026-04-12T17:10:12.815621Z|runtime|4e19e953-e206-419e-ae15-3612775feafd]MLP epoch 700: Error (Loss) = 0.395436
[MFLOG|0|2026-04-12T17:10:17.321578Z|runtime|122b5739-1a17-498f-b5c0-a62cb064dbcf]MLP epoch 800: Error (Loss) = 0.393875
[MFLOG|0|2026-04-12T17:10:21.794434Z|runtime|bd2ee646-1a38-41ab-b4eb-b3853b4928a3]MLP epoch 900: Error (Loss) = 0.392694
[MFLOG|0|2026-04-12T17:10:26.133863Z|runtime|57c0d425-5b8d-4ac6-83f5-9bc78306bb41]
[MFLOG|0|2026-04-12T17:11:41.924924Z|runtime|3f3717ec-c29c-479c-b9f9-3222213ae599]--- Entrenando Árbol de Clasificación (Decision Tree) ---
