[MFLOG|0|2026-04-19T19:47:58.654820Z|runtime|7153ffd7-18d5-426c-b466-44bd5e61afb2]
[MFLOG|0|2026-04-19T19:48:00.371134Z|runtime|0e76dd3c-ed79-4cac-81e9-2e13e6aec5d1]Searching for optimal thresholds...
[MFLOG|0|2026-04-19T19:48:00.371351Z|runtime|91b4961c-5ee7-43a5-aecc-29921b09e2c6]
[MFLOG|0|2026-04-19T19:48:00.372528Z|runtime|0364adea-bdec-4bca-a0e3-0b97f1b6eb77]--- FINAL RESULTS ---
[MFLOG|0|2026-04-19T19:48:00.372603Z|runtime|79b359e7-2d6a-4e0c-b28f-fa8e211126e1]METRICS         | LINEAL       | LOGISTIC     | MLP          | TREE         | GMM         
[MFLOG|0|2026-04-19T19:48:00.372666Z|runtime|c30006ae-9339-439b-ad7e-3f1104021f41]-------------------------------------------------------------------------------------
[MFLOG|0|2026-04-19T19:48:00.372719Z|runtime|13a45b81-4902-459f-b079-819844dd34f6]Accuracy (%)    |       81.22% |       79.34% |       80.22% |       81.21% |       72.20%
[MFLOG|0|2026-04-19T19:48:01.599943Z|runtime|fa18964e-ec73-4feb-aa5b-46292028be9b]Precision       |       0.7766 |       0.5774 |       0.5925 |       0.8108 |       0.4675
[MFLOG|0|2026-04-19T19:48:01.600163Z|runtime|a3cb5c06-93fe-4fe6-ae2d-95311536745c]Recall          |       0.3501 |       0.6508 |       0.6719 |       0.3248 |       0.7979
[MFLOG|0|2026-04-19T19:48:01.600346Z|runtime|a2b85459-516e-4cf2-87d5-17f405b1835d]F1-Score        |       0.4826 |       0.6119 |       0.6297 |       0.4638 |       0.5896
[MFLOG|0|2026-04-19T19:48:01.600605Z|runtime|b4ff1919-e4fb-4261-b141-974aa73b911e]
[MFLOG|0|2026-04-19T19:48:01.600674Z|runtime|88f18d2c-8835-45e7-bc9c-537b22dd9517]Confusion Matrix:
[MFLOG|0|2026-04-19T19:48:01.600717Z|runtime|a63d5468-69b5-4864-8734-97923c3fd84b]
[MFLOG|0|2026-04-19T19:48:01.600761Z|runtime|a53b7d72-23d6-4d8b-a202-ec84659df837]LINEAL CLASSIFIER
[MFLOG|0|2026-04-19T19:48:01.600801Z|runtime|12e5c0d3-77ed-44cc-988a-b5715e938413]  (TN): 96440    |  (TP): 11661   
[MFLOG|0|2026-04-19T19:48:01.600852Z|runtime|375a324f-0d2e-44f3-a2f5-6642e695e762]  (FP): 3354     |  (FN): 21647   
[MFLOG|0|2026-04-19T19:48:01.600901Z|runtime|b0a6b1ff-de04-4a4e-9b9d-42a1a6dc5254]
[MFLOG|0|2026-04-19T19:48:01.600940Z|runtime|3a2d2fa1-3d8a-4304-b0a6-1a030759abc8]LOGISTIC CLASSIFIER (Umbral: 0.34)
[MFLOG|0|2026-04-19T19:48:01.600982Z|runtime|8f1ab27c-77a5-4210-b5e5-e27977abeb1a]  (TN): 83931    |  (TP): 21677   
[MFLOG|0|2026-04-19T19:48:01.601022Z|runtime|0ceca7cc-1d22-4256-8985-aa6d2072a933]  (FP): 15863    |  (FN): 11631   
[MFLOG|0|2026-04-19T19:48:01.601057Z|runtime|1cffca7a-c7e8-4355-b91e-04536453c18f]
[MFLOG|0|2026-04-19T19:48:01.601097Z|runtime|021f8567-aa45-4898-ba41-ee93213a8ca2]MLP CLASSIFIER (Umbral: 0.36)
[MFLOG|0|2026-04-19T19:48:01.601131Z|runtime|d3102db3-bdc4-41a9-835d-cf356b12a3f0]  (TN): 84400    |  (TP): 22380   
[MFLOG|0|2026-04-19T19:48:01.601175Z|runtime|fd131c6d-08b9-4d94-aaf5-623af8aa2e21]  (FP): 15394    |  (FN): 10928   
[MFLOG|0|2026-04-19T19:48:01.601207Z|runtime|d2356bfd-b5d7-48e3-b768-60eb19ccb66f]
[MFLOG|0|2026-04-19T19:48:01.601249Z|runtime|3f9466e8-779a-4c6f-a2f5-2adb5c2ec87f]
[MFLOG|0|2026-04-19T19:48:01.601284Z|runtime|10e596cc-70e5-4e4e-b241-971e25d8c1a6]DECISION TREE CLASSIFIER
[MFLOG|0|2026-04-19T19:48:01.601318Z|runtime|73d39ba0-b53e-475c-8fb7-83d92f4ff7b3]  (TN): 97270    |  (TP): 10817   
[MFLOG|0|2026-04-19T19:48:01.601352Z|runtime|1cb32da0-02d8-4c91-ba0e-8de07478629f]  (FP): 2524     |  (FN): 22491   
[MFLOG|0|2026-04-19T19:48:01.601394Z|runtime|f220f3df-fb0e-47d8-abcd-5991a3393684]
[MFLOG|0|2026-04-19T19:48:01.601437Z|runtime|85e2ac57-da92-4d4f-9740-9ca0f7ecc144]
[MFLOG|0|2026-04-19T19:48:01.601471Z|runtime|09953bbd-c41c-438e-9da7-d4a86392dc03]GMM CLASSIFIER (Umbral: 0.50)
[MFLOG|0|2026-04-19T19:48:01.601504Z|runtime|1261d3f6-8be6-4bd9-81be-d298c468f4a1]  (TN): 69522    |  (TP): 26578   
[MFLOG|0|2026-04-19T19:48:01.601537Z|runtime|e00893e4-700b-47a5-a63a-6cac4fe6b23c]  (FP): 30272    |  (FN): 6730    
[MFLOG|0|2026-04-19T19:48:01.601571Z|runtime|9d689feb-91b8-4a22-9e38-ce2d9e83d8f1]
