[MFLOG|0|2026-04-20T03:57:28.138952Z|runtime|381bde2f-ac59-440b-99e0-360b21979d2f]
[MFLOG|0|2026-04-20T03:57:32.293386Z|runtime|8ff10beb-6d9d-495c-b200-4d96179d6cbf]Training Linear Classifier...
[MFLOG|0|2026-04-20T03:57:32.293615Z|runtime|667df0d1-3bb1-47c1-8fa3-1ed0a853e001]Linear Model Accuracy: 81.22%
[MFLOG|0|2026-04-20T03:57:33.049957Z|runtime|a15a0494-1c7a-425f-8d04-fe170fba6ed6]
[MFLOG|0|2026-04-20T03:57:33.050193Z|runtime|71e52cd4-e740-4a37-adee-bb552dd48030]Training Logistic Regression...
[MFLOG|0|2026-04-20T03:57:33.050350Z|runtime|8a21672e-ec92-4eef-befd-ece6230c9705]epoch 0: Error (Loss) = 1.009430
[MFLOG|0|2026-04-20T03:57:33.717098Z|runtime|c468b5d0-c3a3-4390-9f35-df04bcd8ae20]epoch 100: Error (Loss) = 0.534081
[MFLOG|0|2026-04-20T03:57:34.393118Z|runtime|b4fe9e0f-c20e-4364-8e8b-1654319985ef]epoch 200: Error (Loss) = 0.505040
[MFLOG|0|2026-04-20T03:57:35.063306Z|runtime|7af84961-3343-4b48-90a2-020aa77b2589]epoch 300: Error (Loss) = 0.486791
[MFLOG|0|2026-04-20T03:57:35.747421Z|runtime|846a203d-1461-4f46-9fe9-64de64327a7a]epoch 400: Error (Loss) = 0.473419
[MFLOG|0|2026-04-20T03:57:36.433972Z|runtime|38fc2f0d-3c09-4eb9-aa3e-3e5525921686]epoch 500: Error (Loss) = 0.463084
[MFLOG|0|2026-04-20T03:57:37.109274Z|runtime|083ac8f2-4d75-4c0a-af90-57f77056d120]epoch 600: Error (Loss) = 0.454860
[MFLOG|0|2026-04-20T03:57:37.788828Z|runtime|efca8352-d36c-4793-83a1-2a898bdc0f87]epoch 700: Error (Loss) = 0.448188
[MFLOG|0|2026-04-20T03:57:38.474518Z|runtime|44556ed1-2b6f-493c-ac7e-a852f5f2015e]epoch 800: Error (Loss) = 0.442696
[MFLOG|0|2026-04-20T03:57:39.161770Z|runtime|6fddab30-ace1-409a-ba0c-56242d26ea75]epoch 900: Error (Loss) = 0.438119
[MFLOG|0|2026-04-20T03:57:39.853256Z|runtime|65856c88-1fc3-4a60-ae8f-9c37f20cfb52]
[MFLOG|0|2026-04-20T03:57:41.876151Z|runtime|7675c2dd-ab80-4274-9aff-98647beaba2d]Training MLP Classifier...
[MFLOG|0|2026-04-20T03:57:41.876389Z|runtime|c0a1a9a2-f144-4703-98d6-54ad566d8549]MLP epoch 0: Error (Loss) = 0.681520
[MFLOG|0|2026-04-20T03:57:47.074597Z|runtime|9ffb4d30-6d4d-412f-aa2d-5749a1d1581e]MLP epoch 100: Error (Loss) = 0.535910
[MFLOG|0|2026-04-20T03:57:52.727845Z|runtime|b9e1f89d-aa4f-4e61-b0f8-5a437ed395ee]MLP epoch 200: Error (Loss) = 0.489911
[MFLOG|0|2026-04-20T03:57:58.127379Z|runtime|43cbcf5d-0c91-4b1c-808e-0ea65020a128]MLP epoch 300: Error (Loss) = 0.444803
[MFLOG|0|2026-04-20T03:58:03.434124Z|runtime|38d72f25-0a6a-44a7-9d32-b7b86edc9485]MLP epoch 400: Error (Loss) = 0.414959
[MFLOG|0|2026-04-20T03:58:08.620789Z|runtime|5d7c8191-a4c8-421d-8b72-c608cedbe4ac]MLP epoch 500: Error (Loss) = 0.402486
[MFLOG|0|2026-04-20T03:58:13.691955Z|runtime|2d252943-2a29-4271-966f-04202e36d0e7]MLP epoch 600: Error (Loss) = 0.397825
[MFLOG|0|2026-04-20T03:58:18.916828Z|runtime|b407f208-1f33-440d-bf92-f20637b34a94]MLP epoch 700: Error (Loss) = 0.395436
[MFLOG|0|2026-04-20T03:58:24.129037Z|runtime|c005fbb7-4ab0-4eed-8146-267ad27f7797]MLP epoch 800: Error (Loss) = 0.393875
[MFLOG|0|2026-04-20T03:58:29.389559Z|runtime|9861cec1-3819-4b9c-b06d-af9d9006046d]MLP epoch 900: Error (Loss) = 0.392694
[MFLOG|0|2026-04-20T03:58:34.790688Z|runtime|29fe1f5f-eca6-40fc-b967-615ad6fd4d2a]
[MFLOG|0|2026-04-20T03:59:55.207460Z|runtime|1205bb86-ef76-448b-a993-1f8f0efd1aec]--- Entrenando Árbol de Clasificación (Decision Tree) ---
[MFLOG|0|2026-04-20T03:59:55.207787Z|runtime|b3c5bf56-f0d0-4954-b733-755aabd3f2a9]Entrenando Mixture Models (GMM)...
[MFLOG|0|2026-04-20T03:59:58.425255Z|runtime|89ba2164-b904-48f6-95ba-5ec646108b9b]
[MFLOG|0|2026-04-20T04:14:20.041754Z|runtime|73e12606-5247-4ed0-b01f-702e4a2591d2]Training AdaBoost (Ensemble of 50 experts)...
